updated /pages/crypto (PUBLISHED) -> https://admin.shopify.com/store/instar-brands/pages/133467701471
updated /pages/meme-futures (PUBLISHED) -> https://admin.shopify.com/store/instar-brands/pages/133467734239
updated /pages/acm-bid-board (PUBLISHED) -> https://admin.shopify.com/store/instar-brands/pages/133467865311
updated /pages/acm (PUBLISHED) -> https://admin.shopify.com/store/instar-brands/pages/125594271967
updated /pages/terminal (PUBLISHED) -> https://admin.shopify.com/store/instar-brands/pages/133470093535
2026-08-12: snapshot 129 mints, refs for 0
updated /pages/crypto (PUBLISHED) -> https://admin.shopify.com/store/instar-brands/pages/133467701471
updated /pages/meme-futures (PUBLISHED) -> https://admin.shopify.com/store/instar-brands/pages/133467734239
updated /pages/acm-bid-board (PUBLISHED) -> https://admin.shopify.com/store/instar-brands/pages/133467865311
updated /pages/acm (PUBLISHED) -> https://admin.shopify.com/store/instar-brands/pages/125594271967
updated /pages/terminal (PUBLISHED) -> https://admin.shopify.com/store/instar-brands/pages/133470093535
updated /pages/orders (PUBLISHED) -> https://admin.shopify.com/store/instar-brands/pages/133491392735
2026-08-13: snapshot 169 mints, refs for 0
updated /pages/crypto (PUBLISHED) -> https://admin.shopify.com/store/instar-brands/pages/133467701471
updated /pages/meme-futures (PUBLISHED) -> https://admin.shopify.com/store/instar-brands/pages/133467734239
updated /pages/acm-bid-board (PUBLISHED) -> https://admin.shopify.com/store/instar-brands/pages/133467865311
updated /pages/acm (PUBLISHED) -> https://admin.shopify.com/store/instar-brands/pages/125594271967
updated /pages/terminal (PUBLISHED) -> https://admin.shopify.com/store/instar-brands/pages/133470093535
updated /pages/orders (PUBLISHED) -> https://admin.shopify.com/store/instar-brands/pages/133491392735
2026-08-14: snapshot 212 mints, refs for 0
updated /pages/crypto (PUBLISHED) -> https://admin.shopify.com/store/instar-brands/pages/133467701471
updated /pages/meme-futures (PUBLISHED) -> https://admin.shopify.com/store/instar-brands/pages/133467734239
updated /pages/acm-bid-board (PUBLISHED) -> https://admin.shopify.com/store/instar-brands/pages/133467865311
updated /pages/acm (PUBLISHED) -> https://admin.shopify.com/store/instar-brands/pages/125594271967
updated /pages/terminal (PUBLISHED) -> https://admin.shopify.com/store/instar-brands/pages/133470093535
updated /pages/orders (PUBLISHED) -> https://admin.shopify.com/store/instar-brands/pages/133491392735
2026-08-15: snapshot 251 mints, refs for 0
updated /pages/crypto (PUBLISHED) -> https://admin.shopify.com/store/instar-brands/pages/133467701471
updated /pages/meme-futures (PUBLISHED) -> https://admin.shopify.com/store/instar-brands/pages/133467734239
updated /pages/acm-bid-board (PUBLISHED) -> https://admin.shopify.com/store/instar-brands/pages/133467865311
updated /pages/acm (PUBLISHED) -> https://admin.shopify.com/store/instar-brands/pages/125594271967
updated /pages/terminal (PUBLISHED) -> https://admin.shopify.com/store/instar-brands/pages/133470093535
updated /pages/orders (PUBLISHED) -> https://admin.shopify.com/store/instar-brands/pages/133491392735
2026-08-16: snapshot 289 mints, refs for 0
updated /pages/crypto (PUBLISHED) -> https://admin.shopify.com/store/instar-brands/pages/133467701471
updated /pages/meme-futures (PUBLISHED) -> https://admin.shopify.com/store/instar-brands/pages/133467734239
updated /pages/acm-bid-board (PUBLISHED) -> https://admin.shopify.com/store/instar-brands/pages/133467865311
updated /pages/acm (PUBLISHED) -> https://admin.shopify.com/store/instar-brands/pages/125594271967
updated /pages/terminal (PUBLISHED) -> https://admin.shopify.com/store/instar-brands/pages/133470093535
updated /pages/orders (PUBLISHED) -> https://admin.shopify.com/store/instar-brands/pages/133491392735
2026-08-17: snapshot 326 mints, refs for 0
