2026-08-12: +14 new, 0 settled, 39 open, 39 total on the paper book
  NEW apes         age   6.1h  px $0.000155004  mcap $149,352  liq $25,993  holders 2834  paper ask $147.25
  NEW HONOR        age   1.9h  px $0.000284299  mcap $274,908  liq $20,939  holders 1019  paper ask $270.08
  NEW TOADPUNK     age  10.5h  px $0.00282135  mcap $2,727,882  liq $63,058  holders 1300  paper ask $2,612.29
  NEW BOT          age  17.2h  px $4.09087e-06  mcap $3,884  liq $1,267  holders 793  paper ask $3.89
  NEW SAM          age   2.7h  px $5.37736e-06  mcap $5,307  liq $1,632  holders 562  paper ask $5.11
  NEW FROG         age   9.3h  px $1.80538e-05  mcap $17,342  liq $4,018  holders 946  paper ask $17.15
  NEW FOMEOW       age  18.3h  px $0.00032558  mcap $319,003  liq $21,182  holders 3256  paper ask $309.30
  NEW trust        age   1.5h  px $0.000164392  mcap $156,565  liq $16,873  holders 1490  paper ask $156.17
  NEW MAUS         age  14.3h  px $9.35471e-06  mcap $8,930  liq $2,470  holders 488  paper ask $8.89
  NEW BABYGROK     age  13.4h  px $2.56695e-05  mcap $22,778  liq $4,857  holders 307  paper ask $24.39
  NEW Otter        age  11.7h  px $7.20364e-06  mcap $7,203  liq $2,032  holders 492  paper ask $6.84
  NEW Loom         age   1.3h  px $4.92203e-05  mcap $46,853  liq $7,372  holders 968  paper ask $46.76
  NEW WASSIE       age  13.4h  px $0.000210047  mcap $199,247  liq $15,985  holders 1222  paper ask $199.55
  NEW LION         age  13.7h  px $5.74266e-05  mcap $55,746  liq $7,878  holders 332  paper ask $54.56
2026-08-12: DRAGNET +3 new, 0 settled, 47 open | HEROES +0 new, 0 settled, 5 open
  NEW STORM        age   0.6h  px $1.69177e-05  mcap $16,788  liq $4,329  holders 1032  paper ask $16.07
  NEW GLOOBI       age   1.1h  px $0.000296498  mcap $289,254  liq $20,245  holders 1060  paper ask $281.67
  NEW GTAVIBANK    age   2.2h  px $4.97379e-05  mcap $48,144  liq $7,318  holders 742  paper ask $47.25
2026-08-12: DRAGNET +6 new, 0 settled, 53 open | HEROES +0 new, 0 settled, 5 open
  NEW Odysseans    age   4.2h  px $8.37477e-06  mcap $8,011  liq $2,542  holders 844  paper ask $7.96
  NEW Mafia        age  11.8h  px $7.65352e-06  mcap $7,417  liq $2,209  holders 430  paper ask $7.27
  NEW Gerald       age   1.0h  px $3.98798e-05  mcap $38,207  liq $6,463  holders 719  paper ask $37.89
  NEW BHENCHOD     age  12.4h  px $6.02728e-06  mcap $5,463  liq $1,679  holders 457  paper ask $5.73
  NEW FORTNITEKID  age  16.6h  px $1.321e-05  mcap $12,768  liq $3,071  holders 406  paper ask $12.55
  NEW Quant        age   8.9h  px $5.74703e-06  mcap $5,528  liq $1,597  holders 393  paper ask $5.46
2026-08-12: DRAGNET +4 new, 0 settled, 57 open | HEROES +0 new, 0 settled, 5 open
  NEW PITCOIN      age   0.7h  px $0.000710695  mcap $707,832  liq $61,070  holders 2672  paper ask $675.16
  NEW MOONDENG     age   0.5h  px $0.000433058  mcap $430,024  liq $59,672  holders 2342  paper ask $411.41
  NEW BABYSHIB     age   5.3h  px $0.000212101  mcap $210,569  liq $16,267  holders 1052  paper ask $201.50
  NEW BOB          age   0.4h  px $0.000130215  mcap $124,415  liq $12,423  holders 574  paper ask $123.70
2026-08-12: DRAGNET +2 new, 0 settled, 59 open | HEROES +0 new, 0 settled, 5 open
  NEW COGE         age  16.1h  px $9.1406e-05  mcap $86,843  liq $14,450  holders 2306  paper ask $86.84
  NEW Peach64      age  15.3h  px $1.03634e-05  mcap $10,151  liq $2,742  holders 1218  paper ask $9.85
2026-08-12: DRAGNET +4 new, 0 settled, 63 open | HEROES +0 new, 0 settled, 5 open
  NEW CALLOOOR     age   1.0h  px $0.000272199  mcap $265,548  liq $36,507  holders 2445  paper ask $258.59
  NEW seedcoin     age   5.4h  px $0.000296106  mcap $289,248  liq $24,119  holders 1597  paper ask $281.30
  NEW PARROTCAGE   age   1.9h  px $4.61506e-05  mcap $38,967  liq $6,922  holders 287  paper ask $43.84
  NEW EGO          age  15.5h  px $5.82947e-05  mcap $54,412  liq $7,986  holders 484  paper ask $55.38
2026-08-12: DRAGNET +2 new, 0 settled, 65 open | HEROES +0 new, 0 settled, 5 open
  NEW Bowser64     age  20.9h  px $1.79319e-05  mcap $17,356  liq $3,977  holders 1069  paper ask $17.04
  NEW Fool         age   0.6h  px $6.92806e-05  mcap $67,752  liq $9,882  holders 1125  paper ask $65.82
2026-08-12: DRAGNET +1 new, 0 settled, 66 open | HEROES +0 new, 0 settled, 5 open
  NEW Air          age   7.7h  px $1.60407e-05  mcap $15,159  liq $3,584  holders 384  paper ask $15.24
2026-08-12: DRAGNET +3 new, 0 settled, 69 open | HEROES +0 new, 0 settled, 5 open
  NEW QENIS        age   1.4h  px $0.000131111  mcap $126,429  liq $12,765  holders 780  paper ask $124.56
  NEW Mike         age   4.4h  px $3.59479e-06  mcap $3,489  liq $1,027  holders 361  paper ask $3.42
  NEW VOL          age   2.5h  px $6.41906e-06  mcap $6,187  liq $1,789  holders 256  paper ask $6.10
2026-08-13: DRAGNET +3 new, 0 settled, 72 open | HEROES +0 new, 0 settled, 5 open
  NEW CHAM         age   1.4h  px $0.000120576  mcap $120,556  liq $17,649  holders 1359  paper ask $114.55
  NEW CAT          age   2.2h  px $1.05741e-05  mcap $10,358  liq $2,674  holders 495  paper ask $10.05
  NEW BENDER       age  11.7h  px $6.44538e-05  mcap $62,505  liq $1,762  holders 388  paper ask $60.35
2026-08-13: DRAGNET +2 new, 0 settled, 74 open | HEROES +0 new, 0 settled, 5 open
  NEW Benny        age   0.9h  px $0.00013518  mcap $133,313  liq $14,246  holders 862  paper ask $128.42
  NEW RETA         age   6.1h  px $3.97747e-05  mcap $39,774  liq $8,498  holders 309  paper ask $37.79
2026-08-13: DRAGNET +3 new, 0 settled, 77 open | HEROES +0 new, 0 settled, 5 open
  NEW BOIÚNA       age   0.1h  px $0.00133262  mcap $1,328,945  liq $46,316  holders 2399  paper ask $1,261.58
  NEW susdog       age   2.0h  px $0.000301644  mcap $291,195  liq $21,596  holders 1409  paper ask $286.56
  NEW clout        age   4.0h  px $5.57674e-06  mcap $5,316  liq $1,587  holders 446  paper ask $5.30
2026-08-13: DRAGNET +2 new, 0 settled, 79 open | HEROES +0 new, 0 settled, 5 open
  NEW BOIÚNA       age   1.1h  px $0.000119427  mcap $115,677  liq $12,535  holders 960  paper ask $113.46
  NEW ELON         age   2.2h  px $6.50776e-06  mcap $6,351  liq $1,786  holders 301  paper ask $6.18
2026-08-13: DRAGNET +1 new, 0 settled, 80 open | HEROES +0 new, 0 settled, 5 open
  NEW TINKERBULL   age  19.5h  px $0.000100354  mcap $98,521  liq $11,645  holders 1700  paper ask $95.34
2026-08-13: DRAGNET +2 new, 0 settled, 82 open | HEROES +0 new, 0 settled, 5 open
  NEW CHROME       age   4.9h  px $0.000143273  mcap $141,829  liq $13,015  holders 347  paper ask $136.11
  NEW BOIÚNA       age   3.1h  px $2.25847e-05  mcap $20,341  liq $4,454  holders 269  paper ask $21.46
2026-08-13: DRAGNET +1 new, 0 settled, 83 open | HEROES +0 new, 0 settled, 5 open
  NEW Qenis        age   3.6h  px $0.000127249  mcap $122,733  liq $12,474  holders 647  paper ask $120.89
2026-08-13: DRAGNET +0 new, 0 settled, 83 open | HEROES +0 new, 0 settled, 5 open
2026-08-13: DRAGNET +3 new, 0 settled, 86 open | HEROES +0 new, 0 settled, 5 open
  NEW POWERS       age   3.8h  px $0.000143707  mcap $135,385  liq $13,320  holders 1138  paper ask $136.52
  NEW HYPERBOLA    age   4.2h  px $6.0226e-05  mcap $60,226  liq $10,060  holders 589  paper ask $57.21
  NEW Farmer       age  13.1h  px $7.91612e-06  mcap $7,639  liq $2,098  holders 322  paper ask $7.52
2026-08-13: DRAGNET +4 new, 0 settled, 90 open | HEROES +0 new, 0 settled, 5 open
  NEW PLUMBALON    age   1.1h  px $0.000165605  mcap $160,863  liq $15,747  holders 1251  paper ask $157.33
  NEW 감자           age   1.4h  px $0.000590594  mcap $574,327  liq $29,608  holders 4081  paper ask $561.06
  NEW ANTS         age   1.6h  px $9.53917e-05  mcap $91,774  liq $10,767  holders 3065  paper ask $90.62
  NEW TOILET       age   7.0h  px $5.85815e-05  mcap $55,329  liq $7,953  holders 725  paper ask $55.65
2026-08-13: DRAGNET +1 new, 0 settled, 91 open | HEROES +0 new, 0 settled, 5 open
  NEW Plung        age   0.7h  px $0.000133314  mcap $128,918  liq $13,054  holders 691  paper ask $126.65
2026-08-13: DRAGNET +0 new, 0 settled, 91 open | HEROES +0 new, 0 settled, 5 open
2026-08-13: DRAGNET +3 new, 0 settled, 94 open | HEROES +0 new, 0 settled, 5 open
  NEW BRAINOID     age  14.5h  px $0.000225179  mcap $219,971  liq $17,079  holders 518  paper ask $213.92
  NEW Gregory      age   1.1h  px $9.66059e-05  mcap $92,812  liq $12,754  holders 1152  paper ask $91.78
  NEW Capy         age   7.9h  px $4.77965e-05  mcap $44,951  liq $7,150  holders 643  paper ask $45.41
2026-08-13: DRAGNET +3 new, 0 settled, 97 open | HEROES +0 new, 0 settled, 5 open
  NEW BOIÚNA       age  11.1h  px $4.82681e-06  mcap $4,689  liq $1,467  holders 177  paper ask $4.59
  NEW Modi         age   0.8h  px $4.27162e-05  mcap $41,522  liq $6,955  holders 729  paper ask $40.58
  NEW ABB          age   1.6h  px $0.000485337  mcap $400,107  liq $26,245  holders 1049  paper ask $461.07
2026-08-13: DRAGNET +4 new, 0 settled, 101 open | HEROES +0 new, 0 settled, 5 open
  NEW RAPEDOG      age   1.1h  px $8.81469e-05  mcap $86,588  liq $12,556  holders 1292  paper ask $83.74
  NEW Niles        age   0.5h  px $0.000209788  mcap $208,025  liq $18,033  holders 1551  paper ask $199.30
  NEW Spidernald   age   1.3h  px $2.48701e-05  mcap $24,374  liq $5,026  holders 858  paper ask $23.63
  NEW PLANSEM      age   1.6h  px $0.00033357  mcap $321,763  liq $21,201  holders 687  paper ask $316.89
2026-08-13: DRAGNET +3 new, 0 settled, 104 open | HEROES +0 new, 0 settled, 5 open
  NEW SNIPO        age   0.4h  px $0.000334533  mcap $333,497  liq $22,389  holders 463  paper ask $317.81
  NEW Bottom       age   0.4h  px $0.000126481  mcap $124,620  liq $12,887  holders 1365  paper ask $120.16
  NEW fomocoin     age   4.9h  px $4.53231e-06  mcap $4,353  liq $1,269  holders 293  paper ask $4.31
2026-08-13: DRAGNET +2 new, 0 settled, 106 open | HEROES +0 new, 0 settled, 5 open
  NEW BOB          age   0.2h  px $0.000384887  mcap $377,186  liq $36,512  holders 2275  paper ask $365.64
  NEW BANDAR       age   3.8h  px $6.01989e-06  mcap $5,828  liq $1,693  holders 267  paper ask $5.72
2026-08-13: DRAGNET +2 new, 0 settled, 108 open | HEROES +0 new, 0 settled, 5 open
  NEW Gillis       age   0.4h  px $0.000195786  mcap $190,781  liq $23,886  holders 1629  paper ask $186.00
  NEW Sorajiro     age   1.0h  px $2.26206e-05  mcap $22,087  liq $4,574  holders 682  paper ask $21.49
2026-08-13: DRAGNET +6 new, 0 settled, 114 open | HEROES +0 new, 0 settled, 5 open
  NEW Grox         age   1.0h  px $0.000114093  mcap $111,725  liq $13,171  holders 1423  paper ask $108.39
  NEW expensive    age   0.7h  px $6.90149e-05  mcap $67,968  liq $8,942  holders 685  paper ask $65.56
  NEW Pumployed    age   3.6h  px $8.12053e-05  mcap $78,418  liq $9,828  holders 538  paper ask $77.15
  NEW GNUT         age   2.8h  px $0.000108223  mcap $102,151  liq $11,600  holders 902  paper ask $102.81
  NEW INSTAGZAM    age   3.4h  px $8.08348e-05  mcap $76,541  liq $9,653  holders 581  paper ask $76.79
  NEW fomocoin     age   7.9h  px $1.81869e-05  mcap $17,721  liq $3,828  holders 372  paper ask $17.28
2026-08-13: DRAGNET +3 new, 0 settled, 117 open | HEROES +0 new, 0 settled, 5 open
  NEW 1000x        age   0.3h  px $1.9471e-05  mcap $19,046  liq $4,152  holders 609  paper ask $18.50
  NEW Bug          age   0.7h  px $9.16108e-05  mcap $88,354  liq $10,605  holders 464  paper ask $87.03
  NEW Chibi        age  22.7h  px $0.000381266  mcap $367,898  liq $21,982  holders 2212  paper ask $362.20
2026-08-13: DRAGNET +4 new, 0 settled, 121 open | HEROES +0 new, 0 settled, 5 open
  NEW LOOKSMAX     age  18.8h  px $0.000285596  mcap $272,771  liq $19,870  holders 843  paper ask $271.32
  NEW BUY          age   0.5h  px $4.29425e-06  mcap $4,217  liq $1,389  holders 514  paper ask $4.08
  NEW OVERLORD     age   0.9h  px $7.20172e-06  mcap $7,059  liq $1,965  holders 232  paper ask $6.84
  NEW TRENCHES     age   0.2h  px $1.67727e-05  mcap $16,327  liq $3,695  holders 400  paper ask $15.93
2026-08-13: DRAGNET +2 new, 0 settled, 123 open | HEROES +0 new, 0 settled, 5 open
  NEW greg         age   2.6h  px $2.83662e-05  mcap $26,494  liq $5,364  holders 621  paper ask $26.95
  NEW FUN          age   1.1h  px $5.98139e-05  mcap $57,811  liq $8,157  holders 732  paper ask $56.82
2026-08-13: DRAGNET +2 new, 0 settled, 125 open | HEROES +0 new, 0 settled, 5 open
  NEW pumpers      age   1.0h  px $3.20771e-05  mcap $30,932  liq $6,755  holders 1191  paper ask $30.47
  NEW honse        age   1.8h  px $6.37174e-05  mcap $61,640  liq $8,447  holders 661  paper ask $60.53
2026-08-13: DRAGNET +0 new, 0 settled, 125 open | HEROES +0 new, 0 settled, 5 open
2026-08-14: DRAGNET +2 new, 0 settled, 127 open | HEROES +0 new, 0 settled, 5 open
  NEW Burpcoin     age   0.9h  px $3.07778e-05  mcap $30,184  liq $6,724  holders 810  paper ask $29.24
  NEW ROCK         age   2.0h  px $3.75967e-06  mcap $3,690  liq $1,045  holders 421  paper ask $3.57
2026-08-14: DRAGNET +1 new, 0 settled, 128 open | HEROES +0 new, 0 settled, 5 open
  NEW Burpcoin     age   2.0h  px $0.000180247  mcap $172,692  liq $15,659  holders 1109  paper ask $171.23
2026-08-14: DRAGNET +2 new, 0 settled, 130 open | HEROES +0 new, 0 settled, 5 open
  NEW BUDDY        age   1.8h  px $0.000253569  mcap $243,809  liq $24,233  holders 1440  paper ask $240.89
  NEW Optimus      age   0.8h  px $0.000136341  mcap $134,087  liq $12,872  holders 817  paper ask $129.52
2026-08-14: DRAGNET +2 new, 0 settled, 132 open | HEROES +0 new, 0 settled, 5 open
  NEW Hugo         age   1.0h  px $1.3977e-05  mcap $13,294  liq $3,326  holders 599  paper ask $13.28
  NEW OUTCOME      age   1.5h  px $8.01958e-05  mcap $76,719  liq $9,657  holders 937  paper ask $76.19
2026-08-14: DRAGNET +1 new, 0 settled, 133 open | HEROES +0 new, 0 settled, 5 open
  NEW Fartcoin     age   1.1h  px $0.000295881  mcap $288,990  liq $28,057  holders 3027  paper ask $281.09
2026-08-14: DRAGNET +0 new, 0 settled, 133 open | HEROES +0 new, 0 settled, 5 open
2026-08-14: DRAGNET +0 new, 0 settled, 133 open | HEROES +0 new, 0 settled, 5 open
2026-08-14: DRAGNET +1 new, 0 settled, 134 open | HEROES +0 new, 0 settled, 5 open
  NEW stonkbot     age   0.9h  px $0.000223629  mcap $218,149  liq $27,845  holders 1250  paper ask $212.45
2026-08-14: DRAGNET +2 new, 0 settled, 136 open | HEROES +0 new, 0 settled, 5 open
  NEW PCA          age   1.0h  px $0.000143779  mcap $134,435  liq $14,466  holders 1031  paper ask $136.59
  NEW RATIO        age   2.7h  px $7.03466e-05  mcap $68,461  liq $9,202  holders 623  paper ask $66.83
2026-08-14: DRAGNET +0 new, 0 settled, 136 open | HEROES +0 new, 0 settled, 5 open
2026-08-14: DRAGNET +1 new, 0 settled, 137 open | HEROES +0 new, 0 settled, 5 open
  NEW ur mom       age   1.0h  px $8.45786e-05  mcap $82,208  liq $11,584  holders 1018  paper ask $80.35
2026-08-14: DRAGNET +2 new, 0 settled, 139 open | HEROES +0 new, 0 settled, 5 open
  NEW JUPITER      age   1.0h  px $6.94536e-05  mcap $67,432  liq $10,285  holders 1015  paper ask $65.98
  NEW SOLDIER      age   3.5h  px $4.88488e-05  mcap $47,254  liq $7,198  holders 685  paper ask $46.41
2026-08-14: DRAGNET +3 new, 0 settled, 142 open | HEROES +0 new, 0 settled, 5 open
  NEW Megatron     age   1.6h  px $0.000289729  mcap $280,705  liq $20,683  holders 1353  paper ask $275.24
  NEW BOT          age   0.8h  px $7.83506e-05  mcap $76,252  liq $9,566  holders 863  paper ask $74.43
  NEW TOKEN        age  18.7h  px $8.9274e-05  mcap $85,881  liq $10,561  holders 389  paper ask $84.81
2026-08-14: DRAGNET +2 new, 0 settled, 144 open | HEROES +0 new, 0 settled, 5 open
  NEW Yuki         age  13.9h  px $0.000120462  mcap $116,357  liq $11,930  holders 1053  paper ask $114.44
  NEW Beanie       age  17.5h  px $5.85507e-06  mcap $5,650  liq $1,632  holders 263  paper ask $5.56
2026-08-14: DRAGNET +2 new, 0 settled, 146 open | HEROES +0 new, 0 settled, 5 open
  NEW FTR          age   1.3h  px $0.000183856  mcap $180,314  liq $27,132  holders 1736  paper ask $174.66
  NEW stork        age   0.4h  px $8.95976e-05  mcap $88,737  liq $14,226  holders 1049  paper ask $85.12
2026-08-14: DRAGNET +1 new, 0 settled, 147 open | HEROES +0 new, 0 settled, 5 open
  NEW BOB          age   1.2h  px $0.000128261  mcap $122,736  liq $12,571  holders 1160  paper ask $121.85
2026-08-14: DRAGNET +1 new, 0 settled, 148 open | HEROES +0 new, 0 settled, 5 open
  NEW CASHELON     age   2.8h  px $0.000175437  mcap $171,153  liq $14,804  holders 1188  paper ask $166.66
2026-08-14: DRAGNET +4 new, 0 settled, 152 open | HEROES +0 new, 0 settled, 5 open
  NEW JACKSEPTICEYE age   0.9h  px $5.67746e-06  mcap $5,568  liq $1,630  holders 360  paper ask $5.39
  NEW Newt         age   8.8h  px $3.16645e-05  mcap $30,908  liq $5,890  holders 557  paper ask $30.08
  NEW ユキ           age  18.7h  px $1.59438e-05  mcap $14,994  liq $3,476  holders 308  paper ask $15.15
  NEW truckdog     age  12.8h  px $2.65412e-05  mcap $24,918  liq $4,895  holders 350  paper ask $25.21
2026-08-14: DRAGNET +2 new, 0 settled, 154 open | HEROES +0 new, 0 settled, 5 open
  NEW Gringott     age   1.7h  px $0.000231961  mcap $223,461  liq $25,781  holders 1584  paper ask $220.36
  NEW DIG          age   4.7h  px $0.000127591  mcap $116,253  liq $12,463  holders 613  paper ask $121.21
2026-08-14: DRAGNET +4 new, 0 settled, 158 open | HEROES +0 new, 0 settled, 5 open
  NEW Pepe         age   2.1h  px $6.03135e-06  mcap $5,852  liq $1,716  holders 493  paper ask $5.73
  NEW Burqa        age   1.4h  px $0.00012641  mcap $123,072  liq $12,840  holders 1085  paper ask $120.09
  NEW NEMU         age  12.2h  px $0.000174185  mcap $155,887  liq $14,599  holders 456  paper ask $165.48
  NEW SHINJUKU     age  23.9h  px $0.000138363  mcap $130,063  liq $12,835  holders 618  paper ask $131.45
2026-08-14: DRAGNET +3 new, 0 settled, 161 open | HEROES +0 new, 0 settled, 5 open
  NEW FATNOOB      age   0.9h  px $0.000208359  mcap $203,747  liq $16,265  holders 711  paper ask $197.94
  NEW NEMU         age   2.9h  px $1.81492e-05  mcap $16,965  liq $3,855  holders 292  paper ask $17.24
  NEW GARYFREAK    age   0.7h  px $4.01299e-05  mcap $39,242  liq $6,374  holders 391  paper ask $38.12
2026-08-14: DRAGNET +1 new, 0 settled, 162 open | HEROES +0 new, 0 settled, 5 open
  NEW CJ           age  23.1h  px $6.35212e-05  mcap $62,130  liq $8,219  holders 416  paper ask $60.35
2026-08-14: DRAGNET +1 new, 0 settled, 163 open | HEROES +1 new, 0 settled, 6 open
  HERO YOUDECIDE    entry $0.000252725 -> strike $0.00050545 (2x)  $2,000 for 3,956,868 coins  wins if >2x by 2026-08-28
  NEW YOUDECIDE    age   0.8h  px $0.000252725  mcap $252,725  liq $45,365  holders 1432  paper ask $240.09
2026-08-14: DRAGNET +1 new, 0 settled, 164 open | HEROES +0 new, 0 settled, 6 open
  NEW MIMI         age   1.0h  px $0.00026071  mcap $252,986  liq $19,026  holders 1043  paper ask $247.67
2026-08-15: DRAGNET +4 new, 0 settled, 168 open | HEROES +0 new, 0 settled, 6 open
  NEW Shadow       age   2.7h  px $0.000296477  mcap $288,926  liq $20,154  holders 1308  paper ask $281.65
  NEW Tortuga      age   3.4h  px $4.05374e-06  mcap $3,923  liq $1,155  holders 422  paper ask $3.85
  NEW TRENCHY      age   2.8h  px $1.31295e-05  mcap $13,129  liq $10,995  holders 426  paper ask $12.47
  NEW GENNY        age   2.4h  px $3.49098e-05  mcap $34,428  liq $5,948  holders 1114  paper ask $33.16
2026-08-15: DRAGNET +1 new, 0 settled, 169 open | HEROES +0 new, 0 settled, 6 open
  NEW Bros         age   2.1h  px $0.000116326  mcap $112,984  liq $12,072  holders 1434  paper ask $110.51
2026-08-15: DRAGNET +1 new, 0 settled, 170 open | HEROES +1 new, 0 settled, 7 open
  HERO FOMO         entry $0.00077225 -> strike $0.0015445 (2x)  $2,000 for 1,294,918 coins  wins if >2x by 2026-08-29
  NEW FOMO         age   0.8h  px $0.00077225  mcap $772,244  liq $44,734  holders 2403  paper ask $733.64
2026-08-15: DRAGNET +2 new, 0 settled, 172 open | HEROES +0 new, 0 settled, 7 open
  NEW jbilly54     age   0.4h  px $8.66252e-05  mcap $84,655  liq $11,080  holders 1016  paper ask $82.29
  NEW TQH          age   5.3h  px $6.03587e-06  mcap $5,864  liq $1,640  holders 409  paper ask $5.73
2026-08-15: DRAGNET +1 new, 0 settled, 173 open | HEROES +0 new, 0 settled, 7 open
  NEW 牛来           age  20.0h  px $0.000112848  mcap $109,474  liq $11,575  holders 429  paper ask $107.21
2026-08-15: DRAGNET +0 new, 0 settled, 173 open | HEROES +0 new, 0 settled, 7 open
2026-08-15: DRAGNET +2 new, 0 settled, 175 open | HEROES +0 new, 0 settled, 7 open
  NEW GAUNTLET     age   1.7h  px $0.000135714  mcap $130,544  liq $12,816  holders 1019  paper ask $128.93
  NEW WASHED       age  12.3h  px $0.00041773  mcap $411,494  liq $23,091  holders 521  paper ask $396.84
2026-08-15: DRAGNET +0 new, 0 settled, 175 open | HEROES +0 new, 0 settled, 7 open
2026-08-15: DRAGNET +2 new, 0 settled, 177 open | HEROES +0 new, 0 settled, 7 open
  NEW Bichoraro    age   2.0h  px $0.000181187  mcap $176,466  liq $20,031  holders 1184  paper ask $172.13
  NEW CHARLIE      age   1.2h  px $5.49084e-05  mcap $52,905  liq $7,881  holders 750  paper ask $52.16
2026-08-15: DRAGNET +2 new, 0 settled, 179 open | HEROES +0 new, 0 settled, 7 open
  NEW TrumpBank    age  11.9h  px $1.63965e-05  mcap $15,926  liq $3,566  holders 475  paper ask $15.58
  NEW CastCat      age  23.2h  px $9.6436e-06  mcap $9,360  liq $2,381  holders 342  paper ask $9.16
2026-08-15: DRAGNET +1 new, 0 settled, 180 open | HEROES +0 new, 0 settled, 7 open
  NEW PCPC         age   1.4h  px $0.000115971  mcap $113,243  liq $12,984  holders 988  paper ask $110.17
2026-08-15: DRAGNET +1 new, 0 settled, 181 open | HEROES +0 new, 0 settled, 7 open
  NEW WOFL         age   1.0h  px $0.000266777  mcap $258,948  liq $26,633  holders 1218  paper ask $253.44
2026-08-15: DRAGNET +2 new, 0 settled, 183 open | HEROES +0 new, 0 settled, 7 open
  NEW Popo         age   1.4h  px $5.39274e-05  mcap $51,710  liq $7,654  holders 1129  paper ask $51.23
  NEW WOFL         age   1.7h  px $4.58909e-05  mcap $44,786  liq $7,265  holders 632  paper ask $43.60
2026-08-15: DRAGNET +3 new, 0 settled, 186 open | HEROES +0 new, 0 settled, 7 open
  NEW Punch        age   4.9h  px $0.000432533  mcap $418,329  liq $28,509  holders 1650  paper ask $410.91
  NEW CALICO       age   0.8h  px $0.000153138  mcap $149,789  liq $18,662  holders 1268  paper ask $145.48
  NEW LUNA         age   0.7h  px $4.80401e-05  mcap $46,745  liq $7,282  holders 725  paper ask $45.64
2026-08-15: DRAGNET +2 new, 0 settled, 188 open | HEROES +0 new, 0 settled, 7 open
  NEW BABYANSEM    age   3.1h  px $0.000198699  mcap $191,392  liq $16,415  holders 1710  paper ask $188.76
  NEW Bear         age   2.4h  px $0.000119952  mcap $116,317  liq $11,944  holders 600  paper ask $113.95
2026-08-15: DRAGNET +1 new, 0 settled, 189 open | HEROES +0 new, 0 settled, 7 open
  NEW uni          age   0.9h  px $0.000101643  mcap $98,762  liq $11,077  holders 934  paper ask $96.56
2026-08-15: DRAGNET +4 new, 0 settled, 193 open | HEROES +0 new, 0 settled, 7 open
  NEW BURQA        age  20.6h  px $2.8263e-05  mcap $26,625  liq $5,044  holders 216  paper ask $26.85
  NEW SISYPHUS     age  14.9h  px $4.73845e-06  mcap $4,575  liq $1,285  holders 207  paper ask $4.50
  NEW Celebrity    age  17.6h  px $2.0911e-05  mcap $20,269  liq $4,133  holders 231  paper ask $19.87
  NEW Cooldog      age  21.1h  px $2.41549e-05  mcap $22,807  liq $4,522  holders 789  paper ask $22.95
2026-08-15: DRAGNET +2 new, 0 settled, 195 open | HEROES +0 new, 0 settled, 7 open
  NEW fatdog       age   0.7h  px $8.38244e-05  mcap $82,099  liq $10,046  holders 1130  paper ask $79.63
  NEW Lopunny      age   2.2h  px $0.000127505  mcap $122,170  liq $12,336  holders 953  paper ask $121.13
2026-08-15: DRAGNET +1 new, 0 settled, 196 open | HEROES +0 new, 0 settled, 7 open
  NEW pop-tart     age  18.8h  px $3.78106e-05  mcap $35,474  liq $5,987  holders 287  paper ask $35.92
2026-08-15: DRAGNET +6 new, 0 settled, 202 open | HEROES +0 new, 0 settled, 7 open
  NEW RAKUN        age   1.1h  px $0.000263063  mcap $254,392  liq $19,005  holders 1354  paper ask $249.91
  NEW Traders      age  18.5h  px $7.61498e-05  mcap $73,833  liq $9,240  holders 669  paper ask $72.34
  NEW COIN         age   1.6h  px $0.000120373  mcap $118,333  liq $11,743  holders 1278  paper ask $114.35
  NEW GP           age   0.3h  px $5.09386e-05  mcap $50,010  liq $7,376  holders 864  paper ask $48.39
  NEW solanacat    age   1.0h  px $8.90901e-06  mcap $8,661  liq $2,213  holders 525  paper ask $8.46
  NEW bottom       age  20.3h  px $0.000105603  mcap $103,414  liq $10,971  holders 1383  paper ask $100.32
2026-08-15: DRAGNET +5 new, 0 settled, 207 open | HEROES +1 new, 0 settled, 8 open
  HERO GUNICORN     entry $0.00121302 -> strike $0.00242604 (2x)  $2,000 for 824,389 coins  wins if >2x by 2026-08-29
  NEW GUNICORN     age   2.7h  px $0.00121302  mcap $1,168,814  liq $155,338  holders 5612  paper ask $1,152.37
  NEW CHIPS        age   0.6h  px $6.12606e-05  mcap $59,244  liq $8,090  holders 500  paper ask $58.20
  NEW munke        age  22.1h  px $7.96496e-06  mcap $7,582  liq $2,018  holders 202  paper ask $7.57
  NEW Gen0         age   2.3h  px $4.1643e-05  mcap $39,882  liq $6,363  holders 372  paper ask $39.56
  NEW Qagina       age  14.3h  px $1.29681e-05  mcap $12,496  liq $2,882  holders 288  paper ask $12.32
2026-08-15: DRAGNET +3 new, 0 settled, 210 open | HEROES +0 new, 0 settled, 8 open
  NEW SCRATCH      age   0.4h  px $2.65374e-05  mcap $25,617  liq $4,926  holders 460  paper ask $25.21
  NEW FART         age   1.4h  px $3.8748e-05  mcap $36,949  liq $6,131  holders 316  paper ask $36.81
  NEW FROG         age   4.0h  px $6.18543e-05  mcap $59,292  liq $8,106  holders 411  paper ask $58.76
2026-08-15: DRAGNET +3 new, 0 settled, 213 open | HEROES +0 new, 0 settled, 8 open
  NEW Uvicorn      age   2.5h  px $3.10401e-05  mcap $29,801  liq $5,397  holders 604  paper ask $29.49
  NEW drooler      age   1.3h  px $0.000129031  mcap $122,982  liq $12,381  holders 1021  paper ask $122.58
  NEW memecoin     age   0.3h  px $0.000115302  mcap $110,407  liq $11,489  holders 1004  paper ask $109.54
2026-08-15: DRAGNET +2 new, 0 settled, 215 open | HEROES +0 new, 0 settled, 8 open
  NEW COMPANY      age   2.2h  px $8.21536e-06  mcap $7,893  liq $2,202  holders 581  paper ask $7.80
  NEW OYE          age   2.4h  px $8.26936e-06  mcap $7,921  liq $2,158  holders 239  paper ask $7.86
2026-08-16: DRAGNET +3 new, 0 settled, 218 open | HEROES +0 new, 0 settled, 8 open
  NEW CATSEM       age   2.8h  px $4.86916e-06  mcap $4,651  liq $1,316  holders 529  paper ask $4.63
  NEW FOMOBULL     age   1.3h  px $0.000205276  mcap $197,560  liq $15,785  holders 951  paper ask $195.01
  NEW michi        age   1.2h  px $3.31265e-05  mcap $31,773  liq $5,538  holders 399  paper ask $31.47
2026-08-16: DRAGNET +1 new, 0 settled, 219 open | HEROES +0 new, 0 settled, 8 open
  NEW PumpBot      age   1.0h  px $0.000138344  mcap $133,562  liq $13,581  holders 1462  paper ask $131.43
2026-08-16: DRAGNET +4 new, 0 settled, 223 open | HEROES +0 new, 0 settled, 8 open
  NEW BLUEBALLS    age   0.7h  px $6.8118e-05  mcap $67,580  liq $9,850  holders 1374  paper ask $64.71
  NEW usfc         age   0.9h  px $3.21521e-05  mcap $31,111  liq $5,921  holders 671  paper ask $30.54
  NEW DEGS         age   2.0h  px $0.000267936  mcap $259,893  liq $3,217  holders 741  paper ask $235.90
  NEW [|]          age  18.2h  px $2.00534e-05  mcap $19,403  liq $3,983  holders 479  paper ask $19.05
2026-08-16: DRAGNET +2 new, 0 settled, 225 open | HEROES +0 new, 0 settled, 8 open
  NEW Walruse      age   1.8h  px $0.000169215  mcap $165,169  liq $17,781  holders 1103  paper ask $160.75
  NEW bih          age   3.0h  px $6.1891e-05  mcap $59,368  liq $8,085  holders 623  paper ask $58.80
2026-08-16: DRAGNET +1 new, 0 settled, 226 open | HEROES +0 new, 0 settled, 8 open
  NEW BURP         age   0.9h  px $1.29537e-05  mcap $12,393  liq $3,088  holders 662  paper ask $12.31
2026-08-16: DRAGNET +1 new, 0 settled, 227 open | HEROES +0 new, 0 settled, 8 open
  NEW wtf          age  10.6h  px $6.42941e-05  mcap $58,554  liq $8,233  holders 435  paper ask $61.08
2026-08-16: DRAGNET +0 new, 0 settled, 227 open | HEROES +0 new, 0 settled, 8 open
2026-08-16: DRAGNET +2 new, 0 settled, 229 open | HEROES +0 new, 0 settled, 8 open
  NEW Fwog         age   1.0h  px $0.00128152  mcap $1,239,410  liq $44,048  holders 1126  paper ask $1,212.65
  NEW REGOLITH     age  16.2h  px $4.17202e-05  mcap $39,987  liq $6,371  holders 361  paper ask $39.63
2026-08-16: DRAGNET +1 new, 0 settled, 230 open | HEROES +0 new, 0 settled, 8 open
  NEW NEPE         age   3.8h  px $1.25041e-05  mcap $12,050  liq $3,020  holders 557  paper ask $11.88
2026-08-16: DRAGNET +2 new, 0 settled, 232 open | HEROES +0 new, 0 settled, 8 open
  NEW 红尘飞          age   2.0h  px $5.14828e-05  mcap $49,591  liq $7,287  holders 689  paper ask $48.91
  NEW frodo        age  11.9h  px $4.21729e-05  mcap $40,844  liq $6,430  holders 351  paper ask $40.06
2026-08-16: DRAGNET +2 new, 0 settled, 234 open | HEROES +0 new, 0 settled, 8 open
  NEW LAB          age   0.7h  px $8.38978e-05  mcap $81,774  liq $10,275  holders 1141  paper ask $79.70
  NEW Oswald       age   9.6h  px $8.97324e-06  mcap $8,449  liq $2,185  holders 231  paper ask $8.52
2026-08-16: DRAGNET +1 new, 0 settled, 235 open | HEROES +0 new, 0 settled, 8 open
  NEW CHILL        age   0.5h  px $7.38808e-05  mcap $71,957  liq $9,303  holders 758  paper ask $70.19
2026-08-16: DRAGNET +2 new, 0 settled, 237 open | HEROES +0 new, 0 settled, 8 open
  NEW Kabo         age   0.7h  px $3.82043e-05  mcap $37,095  liq $6,115  holders 824  paper ask $36.29
  NEW Mars         age   3.4h  px $6.1771e-05  mcap $59,598  liq $8,231  holders 667  paper ask $58.68
2026-08-16: DRAGNET +3 new, 0 settled, 240 open | HEROES +0 new, 0 settled, 8 open
  NEW hatwif       age   0.4h  px $7.63546e-05  mcap $74,161  liq $9,292  holders 580  paper ask $72.54
  NEW Granny       age   2.4h  px $1.26574e-05  mcap $12,201  liq $2,985  holders 494  paper ask $12.02
  NEW Wynd         age   1.1h  px $6.75698e-05  mcap $64,542  liq $8,562  holders 690  paper ask $64.19
2026-08-16: DRAGNET +1 new, 0 settled, 241 open | HEROES +0 new, 0 settled, 8 open
  NEW BLIPP        age  22.3h  px $0.00017433  mcap $166,435  liq $14,750  holders 959  paper ask $165.61
2026-08-16: DRAGNET +3 new, 0 settled, 244 open | HEROES +0 new, 0 settled, 8 open
  NEW SHY          age   1.2h  px $0.00014794  mcap $143,411  liq $14,985  holders 776  paper ask $140.54
  NEW Frock        age   1.8h  px $0.0005022  mcap $490,874  liq $39,908  holders 1778  paper ask $477.09
  NEW BILLI        age   1.4h  px $0.000119432  mcap $116,805  liq $17,732  holders 1339  paper ask $113.46
2026-08-16: DRAGNET +1 new, 0 settled, 245 open | HEROES +0 new, 0 settled, 8 open
  NEW ペェペェ         age   0.4h  px $4.06112e-06  mcap $3,940  liq $1,128  holders 308  paper ask $3.86
2026-08-16: DRAGNET +3 new, 0 settled, 248 open | HEROES +0 new, 0 settled, 8 open
  NEW CAESAR       age   0.5h  px $7.24331e-05  mcap $71,178  liq $9,226  holders 1430  paper ask $68.81
  NEW Frock        age   3.8h  px $2.23077e-05  mcap $20,347  liq $4,233  holders 231  paper ask $21.19
  NEW RBLX         age   1.7h  px $4.55166e-06  mcap $4,439  liq $1,244  holders 346  paper ask $4.32
2026-08-16: DRAGNET +4 new, 0 settled, 252 open | HEROES +0 new, 0 settled, 8 open
  NEW LUCKY99      age   7.8h  px $0.000487938  mcap $487,938  liq $1,034  holders 1984  paper ask $304.17
  NEW 4680         age   5.3h  px $0.000191614  mcap $187,835  liq $37,307  holders 1418  paper ask $182.03
  NEW win          age  13.4h  px $6.38861e-06  mcap $6,110  liq $1,691  holders 298  paper ask $6.07
  NEW crimewallets age   3.3h  px $2.39792e-05  mcap $23,266  liq $4,483  holders 495  paper ask $22.78
2026-08-16: DRAGNET +4 new, 0 settled, 256 open | HEROES +0 new, 0 settled, 8 open
  NEW Kermit       age   3.1h  px $4.03572e-06  mcap $3,853  liq $1,087  holders 329  paper ask $3.83
  NEW I2P          age  22.7h  px $6.95476e-05  mcap $66,806  liq $8,736  holders 638  paper ask $66.07
  NEW memecoin     age   1.2h  px $1.61236e-05  mcap $15,792  liq $3,547  holders 590  paper ask $15.32
  NEW NiuLai       age   1.4h  px $0.000105344  mcap $103,611  liq $11,275  holders 721  paper ask $100.08
2026-08-16: DRAGNET +2 new, 0 settled, 258 open | HEROES +0 new, 0 settled, 8 open
  NEW ANICAT       age   1.1h  px $4.97383e-05  mcap $47,963  liq $7,433  holders 1065  paper ask $47.25
  NEW PAIRA        age  20.9h  px $0.000120396  mcap $120,070  liq $17,835  holders 535  paper ask $114.38
2026-08-16: DRAGNET +6 new, 0 settled, 264 open | HEROES +0 new, 0 settled, 8 open
  NEW CRIMECAT     age   1.4h  px $0.000250891  mcap $246,190  liq $19,250  holders 1214  paper ask $238.35
  NEW GrokTok      age   0.1h  px $0.00012709  mcap $125,993  liq $12,178  holders 1018  paper ask $120.74
  NEW Pikachu      age   0.3h  px $5.42029e-05  mcap $52,921  liq $7,658  holders 938  paper ask $51.49
  NEW WHALE        age   0.9h  px $0.000139634  mcap $137,601  liq $12,801  holders 1033  paper ask $132.65
  NEW Pawbearer    age   4.5h  px $4.77854e-06  mcap $4,474  liq $1,276  holders 283  paper ask $4.54
  NEW Bibble       age   3.6h  px $4.66645e-05  mcap $44,049  liq $6,776  holders 511  paper ask $44.33
2026-08-16: DRAGNET +3 new, 0 settled, 267 open | HEROES +0 new, 0 settled, 8 open
  NEW CRASHIUS     age   1.9h  px $0.000876058  mcap $871,925  liq $35,928  holders 810  paper ask $832.26
  NEW Bo           age   2.7h  px $5.38284e-06  mcap $5,234  liq $1,417  holders 251  paper ask $5.11
  NEW TaoTao       age   9.2h  px $4.29755e-06  mcap $4,124  liq $1,122  holders 324  paper ask $4.08
2026-08-16: DRAGNET +3 new, 0 settled, 270 open | HEROES +0 new, 0 settled, 8 open
  NEW CMDFY        age   0.8h  px $0.000128353  mcap $128,353  liq $14,666  holders 832  paper ask $121.94
  NEW Mario        age   3.7h  px $1.94155e-05  mcap $18,784  liq $3,945  holders 538  paper ask $18.44
  NEW EarthCoin    age   1.4h  px $0.000111193  mcap $107,103  liq $11,398  holders 1531  paper ask $105.63
2026-08-17: DRAGNET +1 new, 0 settled, 271 open | HEROES +0 new, 0 settled, 8 open
  NEW .pump        age   1.3h  px $0.000138266  mcap $132,677  liq $12,755  holders 1224  paper ask $131.35
2026-08-17: DRAGNET +1 new, 0 settled, 272 open | HEROES +0 new, 0 settled, 8 open
  NEW TOKEN        age   0.9h  px $3.22484e-05  mcap $31,666  liq $6,055  holders 1129  paper ask $30.64
2026-08-17: DRAGNET +3 new, 0 settled, 275 open | HEROES +0 new, 0 settled, 8 open
  NEW TFPEPE       age   0.9h  px $0.000210507  mcap $203,370  liq $17,167  holders 819  paper ask $199.98
  NEW ATTENTION    age   1.5h  px $7.23244e-05  mcap $70,483  liq $9,146  holders 807  paper ask $68.71
  NEW greg         age   0.6h  px $6.97161e-05  mcap $67,696  liq $9,034  holders 948  paper ask $66.23
2026-08-17: DRAGNET +0 new, 0 settled, 275 open | HEROES +0 new, 0 settled, 8 open
2026-08-17: DRAGNET +1 new, 0 settled, 276 open | HEROES +0 new, 0 settled, 8 open
  NEW BILLY        age   1.0h  px $0.000201934  mcap $199,696  liq $15,658  holders 352  paper ask $191.84
2026-08-17: DRAGNET +0 new, 0 settled, 276 open | HEROES +0 new, 0 settled, 8 open
2026-08-17: DRAGNET +2 new, 0 settled, 278 open | HEROES +0 new, 0 settled, 8 open
  NEW TDT          age   1.6h  px $0.000193179  mcap $186,377  liq $17,900  holders 1552  paper ask $183.52
  NEW ANIMALS      age   1.2h  px $0.00013593  mcap $131,754  liq $12,721  holders 873  paper ask $129.13
2026-08-17: DRAGNET +1 new, 0 settled, 279 open | HEROES +0 new, 0 settled, 8 open
  NEW Joshua       age   0.1h  px $0.00014768  mcap $145,436  liq $13,156  holders 984  paper ask $140.30
2026-08-17: DRAGNET +2 new, 0 settled, 281 open | HEROES +0 new, 0 settled, 8 open
  NEW GOLDDIGGER   age   4.7h  px $0.000388183  mcap $381,169  liq $24,086  holders 672  paper ask $368.77
  NEW Mist         age   3.7h  px $1.19618e-05  mcap $11,389  liq $2,872  holders 600  paper ask $11.36
2026-08-17: DRAGNET +3 new, 0 settled, 284 open | HEROES +0 new, 0 settled, 8 open
  NEW TURBULL      age   2.2h  px $0.000401935  mcap $396,149  liq $25,700  holders 1734  paper ask $381.84
  NEW SEV7N        age   1.6h  px $4.49461e-05  mcap $43,658  liq $7,791  holders 1172  paper ask $42.70
  NEW loans        age   4.1h  px $4.39666e-05  mcap $42,516  liq $6,600  holders 496  paper ask $41.77
2026-08-17: DRAGNET +2 new, 0 settled, 286 open | HEROES +0 new, 0 settled, 8 open
  NEW Stonks       age   1.4h  px $0.000111068  mcap $105,773  liq $11,531  holders 933  paper ask $105.51
  NEW Drake        age   2.3h  px $7.3879e-05  mcap $71,601  liq $9,089  holders 1017  paper ask $70.19
2026-08-17: DRAGNET +1 new, 0 settled, 287 open | HEROES +0 new, 0 settled, 8 open
  NEW MELT         age   1.2h  px $6.27721e-05  mcap $61,122  liq $9,286  holders 1126  paper ask $59.63
2026-08-17: DRAGNET +1 new, 0 settled, 288 open | HEROES +0 new, 0 settled, 8 open
  NEW RDDT         age  21.3h  px $7.10681e-05  mcap $69,354  liq $9,398  holders 1074  paper ask $67.51
2026-08-17: DRAGNET +3 new, 0 settled, 291 open | HEROES +0 new, 0 settled, 8 open
  NEW SOLCAT       age   0.2h  px $0.000220015  mcap $218,109  liq $17,184  holders 274  paper ask $209.01
  NEW FLY-000      age  14.2h  px $0.000235007  mcap $214,851  liq $17,073  holders 627  paper ask $223.26
  NEW Charlie      age   5.6h  px $7.84826e-05  mcap $74,632  liq $9,355  holders 623  paper ask $74.56
2026-08-17: DRAGNET +1 new, 0 settled, 292 open | HEROES +0 new, 0 settled, 8 open
  NEW SOLCATANA    age   2.4h  px $1.36112e-05  mcap $13,157  liq $3,076  holders 449  paper ask $12.93
2026-08-17: DRAGNET +3 new, 0 settled, 295 open | HEROES +0 new, 0 settled, 8 open
  NEW FLY          age   2.1h  px $1.27787e-05  mcap $9,160  liq $2,940  holders 210  paper ask $12.14
  NEW TIMOTHY      age   3.7h  px $3.96255e-05  mcap $37,042  liq $6,197  holders 658  paper ask $37.64
  NEW Autograph    age   5.9h  px $6.92363e-05  mcap $66,469  liq $8,575  holders 528  paper ask $65.77
2026-08-17: DRAGNET +6 new, 0 settled, 301 open | HEROES +1 new, 0 settled, 9 open
  HERO EYE          entry $0.00380354 -> strike $0.00760709 (2x)  $2,000 for 262,913 coins  wins if >2x by 2026-08-31
  NEW EYE          age   2.1h  px $0.00380354  mcap $3,800,762  liq $335,732  holders 8797  paper ask $3,613.37
  NEW Z500         age   0.4h  px $0.00237086  mcap $2,366,058  liq $148,700  holders 5705  paper ask $2,252.32
  NEW MANLET       age   0.5h  px $4.47733e-05  mcap $44,501  liq $7,169  holders 506  paper ask $42.53
  NEW HOBBES       age   0.5h  px $0.000468939  mcap $464,511  liq $25,731  holders 1232  paper ask $445.49
  NEW PROAILURUS   age   0.7h  px $0.000424985  mcap $422,956  liq $24,021  holders 291  paper ask $403.74
  NEW ZEUS         age   0.4h  px $9.47955e-05  mcap $93,103  liq $10,454  holders 799  paper ask $90.06
2026-08-17: DRAGNET +4 new, 0 settled, 305 open | HEROES +0 new, 0 settled, 9 open
  NEW gothmommy    age   1.4h  px $0.000352515  mcap $345,766  liq $23,364  holders 822  paper ask $334.89
  NEW Z            age   0.7h  px $0.000158307  mcap $154,499  liq $14,265  holders 1063  paper ask $150.39
  NEW cat          age  15.2h  px $5.05613e-06  mcap $4,850  liq $1,548  holders 498  paper ask $4.80
  NEW WIF          age   1.4h  px $0.000111053  mcap $106,135  liq $11,449  holders 569  paper ask $105.50
2026-08-17: DRAGNET +6 new, 0 settled, 311 open | HEROES +1 new, 0 settled, 10 open
  HERO Z            entry $0.000761783 -> strike $0.00152357 (2x)  $2,000 for 1,312,709 coins  wins if >2x by 2026-08-31
  NEW sling        age   0.9h  px $0.000678176  mcap $677,020  liq $30,380  holders 1257  paper ask $644.27
  NEW Z            age   0.9h  px $0.000761783  mcap $746,083  liq $56,134  holders 1516  paper ask $723.69
  NEW Dildo        age   0.3h  px $0.00168826  mcap $1,686,986  liq $47,942  holders 193  paper ask $1,583.85
  NEW SPACE        age   0.8h  px $0.000490509  mcap $476,046  liq $25,510  holders 1313  paper ask $465.98
  NEW ARMY         age   1.5h  px $6.18003e-05  mcap $59,921  liq $8,208  holders 605  paper ask $58.71
  NEW 🐂🀄           age   2.4h  px $1.5576e-05  mcap $14,791  liq $3,476  holders 268  paper ask $14.80
2026-08-17: DRAGNET +3 new, 0 settled, 314 open | HEROES +1 new, 0 settled, 11 open
  HERO BULLSHIT     entry $0.00156524 -> strike $0.00313048 (2x)  $2,000 for 638,880 coins  wins if >2x by 2026-08-31
  NEW BULLSHIT     age   2.6h  px $0.00156524  mcap $1,531,031  liq $125,632  holders 4192  paper ask $1,486.98
  NEW HORNET       age   3.4h  px $2.0661e-05  mcap $19,619  liq $4,270  holders 529  paper ask $19.63
  NEW DIAMOND      age   2.6h  px $6.0175e-05  mcap $59,159  liq $7,927  holders 104  paper ask $57.17
