updated /pages/crypto (PUBLISHED) -> https://admin.shopify.com/store/instar-brands/pages/133467701471
updated /pages/meme-futures (PUBLISHED) -> https://admin.shopify.com/store/instar-brands/pages/133467734239
updated /pages/acm-bid-board (PUBLISHED) -> https://admin.shopify.com/store/instar-brands/pages/133467865311
updated /pages/acm (PUBLISHED) -> https://admin.shopify.com/store/instar-brands/pages/125594271967
updated /pages/terminal (PUBLISHED) -> https://admin.shopify.com/store/instar-brands/pages/133470093535
updated /pages/orders (PUBLISHED) -> https://admin.shopify.com/store/instar-brands/pages/133491392735
updated /pages/golden-ticket (PUBLISHED) -> https://admin.shopify.com/store/instar-brands/pages/133638455519
updated /pages/golden-ticket-log (PUBLISHED) -> https://admin.shopify.com/store/instar-brands/pages/133641535711
updated /pages/crypto (PUBLISHED) -> https://admin.shopify.com/store/instar-brands/pages/133467701471
updated /pages/meme-futures (PUBLISHED) -> https://admin.shopify.com/store/instar-brands/pages/133467734239
updated /pages/acm-bid-board (PUBLISHED) -> https://admin.shopify.com/store/instar-brands/pages/133467865311
updated /pages/acm (PUBLISHED) -> https://admin.shopify.com/store/instar-brands/pages/125594271967
updated /pages/terminal (PUBLISHED) -> https://admin.shopify.com/store/instar-brands/pages/133470093535
updated /pages/orders (PUBLISHED) -> https://admin.shopify.com/store/instar-brands/pages/133491392735
updated /pages/golden-ticket (PUBLISHED) -> https://admin.shopify.com/store/instar-brands/pages/133638455519
updated /pages/golden-ticket-log (PUBLISHED) -> https://admin.shopify.com/store/instar-brands/pages/133641535711
movement log: 2 checkpoints rendered
checkpoint saved at slot 439984051 (2026-08-18T04:00:02+00:00)
updated /pages/crypto (PUBLISHED) -> https://admin.shopify.com/store/instar-brands/pages/133467701471
updated /pages/meme-futures (PUBLISHED) -> https://admin.shopify.com/store/instar-brands/pages/133467734239
updated /pages/acm-bid-board (PUBLISHED) -> https://admin.shopify.com/store/instar-brands/pages/133467865311
updated /pages/acm (PUBLISHED) -> https://admin.shopify.com/store/instar-brands/pages/125594271967
updated /pages/terminal (PUBLISHED) -> https://admin.shopify.com/store/instar-brands/pages/133470093535
updated /pages/orders (PUBLISHED) -> https://admin.shopify.com/store/instar-brands/pages/133491392735
updated /pages/golden-ticket (PUBLISHED) -> https://admin.shopify.com/store/instar-brands/pages/133638455519
updated /pages/golden-ticket-log (PUBLISHED) -> https://admin.shopify.com/store/instar-brands/pages/133641535711
updated /pages/crypto (PUBLISHED) -> https://admin.shopify.com/store/instar-brands/pages/133467701471
updated /pages/meme-futures (PUBLISHED) -> https://admin.shopify.com/store/instar-brands/pages/133467734239
updated /pages/acm-bid-board (PUBLISHED) -> https://admin.shopify.com/store/instar-brands/pages/133467865311
updated /pages/acm (PUBLISHED) -> https://admin.shopify.com/store/instar-brands/pages/125594271967
updated /pages/terminal (PUBLISHED) -> https://admin.shopify.com/store/instar-brands/pages/133470093535
updated /pages/orders (PUBLISHED) -> https://admin.shopify.com/store/instar-brands/pages/133491392735
updated /pages/golden-ticket (PUBLISHED) -> https://admin.shopify.com/store/instar-brands/pages/133638455519
updated /pages/golden-ticket-log (PUBLISHED) -> https://admin.shopify.com/store/instar-brands/pages/133641535711
movement log: 3 checkpoints rendered
checkpoint saved at slot 440088119 (2026-08-18T16:00:00+00:00)
